../Core/Src/Connect4.c:22:6:setStartTime	16	static
../Core/Src/Connect4.c:26:6:clearBoard	16	static
../Core/Src/Connect4.c:35:6:drawHomeScreen	8	static
../Core/Src/Connect4.c:73:6:drawGameBoard	32	static
../Core/Src/Connect4.c:95:6:drawCoinIndicator	16	static
../Core/Src/Connect4.c:104:5:getCurrentColumn	4	static
../Core/Src/Connect4.c:109:6:setCurrentColumn	16	static
../Core/Src/Connect4.c:125:5:getCurrentPlayer	4	static
../Core/Src/Connect4.c:130:6:setCurrentPlayer	16	static
../Core/Src/Connect4.c:135:6:incrementPlayerScore	16	static
../Core/Src/Connect4.c:145:6:setSinglePlayerMode	16	static
../Core/Src/Connect4.c:155:6:dropCoin	24	static
../Core/Src/Connect4.c:193:6:aiDropCheck	24	static
../Core/Src/Connect4.c:208:6:checkWin	24	static
../Core/Src/Connect4.c:223:6:isBoardFull	16	static
../Core/Src/Connect4.c:231:6:drawGameOverScreen	88	static
