../Core/Src/Connect4.c:24:6:clearBoard	16	static
../Core/Src/Connect4.c:55:6:drawHomeScreen	8	static
../Core/Src/Connect4.c:92:6:drawGameBoard	32	static
../Core/Src/Connect4.c:113:6:drawCoinIndicator	16	static
../Core/Src/Connect4.c:121:5:getCurrentColumn	4	static
../Core/Src/Connect4.c:124:6:setCurrentColumn	16	static
../Core/Src/Connect4.c:138:5:getCurrentPlayer	4	static
../Core/Src/Connect4.c:141:6:setCurrentPlayer	16	static
../Core/Src/Connect4.c:144:6:incrementPlayerScore	16	static
../Core/Src/Connect4.c:152:6:setSinglePlayerMode	16	static
../Core/Src/Connect4.c:161:6:dropCoin	24	static
../Core/Src/Connect4.c:212:6:aiDropCheck	24	static
../Core/Src/Connect4.c:256:6:checkWin	24	static
../Core/Src/Connect4.c:271:6:isBoardFull	16	static
../Core/Src/Connect4.c:279:6:drawGameOverScreen	72	static
../Core/Src/Connect4.c:422:5:getAIMove	16	static
