../Drivers/CMSIS/Include/core_cm4.h:1775:22:__NVIC_ClearPendingIRQ	16	static
../Core/Src/main.c:78:5:main	32	static
../Core/Src/main.c:142:6:SystemClock_Config	88	static
../Core/Src/main.c:188:13:MX_I2C3_Init	8	static
../Core/Src/main.c:236:13:MX_LTDC_Init	112	static
../Core/Src/main.c:318:13:MX_RNG_Init	8	static
../Core/Src/main.c:344:13:MX_SPI5_Init	8	static
../Core/Src/main.c:382:13:MX_TIM2_Init	32	static
../Core/Src/main.c:427:13:MX_GPIO_Init	64	static
../Core/Src/main.c:601:6:Error_Handler	4	static,ignoring_inline_asm
